
> presales-crmfront-end@0.0.0 build
> ng build

node.exe : - Generating browser 
application bundles (phase: setup)...
At C:\Program 
Files\nodejs\npm.ps1:29 char:3
+   & $NODE_EXE $NPM_CLI_JS $args
+   ~~~~~~~~~~~~~~~~~~~~~~~~~~~~~
    + CategoryInfo          : NotSpe 
   cified: (- Generating br...hase:  
   setup)...:String) [], RemoteExc   
 eption
    + FullyQualifiedErrorId : Native 
   CommandError
 
Γ£ö Browser application bundle 
generation complete.
Γ£ö Browser application bundle 
generation complete.

Error: src/app/leads/lead-details/lea
d-details.component.html:1:1 - error 
NG8001: 'p-dialog' is not a known 
element:
1. If 'p-dialog' is an Angular 
component, then verify that it is 
part of this module.
2. If 'p-dialog' is a Web Component 
then add 'CUSTOM_ELEMENTS_SCHEMA' to 
the '@NgModule.schemas' of this 
component to suppress this message.

1 <p-dialog [(visible)]="visible" 
[modal]="true" [style]="{width: 
'80vw', 'max-height': '90vh'}"
  ~~~~~~~~~~~~~~~~~~~~~~~~~~~~~~~~~~~
~~~~~~~~~~~~~~~~~~~~~~~~~~~~~~~~~~~~~
~~~~~~~~~~~~~~~~~~~~~~
2     [header]="'Lead Overview'" 
(onHide)="close()" 
[draggable]="true" 
[resizable]="true" 
styleClass="lead-details-dialog"
  ~~~~~~~~~~~~~~~~~~~~~~~~~~~~~~~~~~~
~~~~~~~~~~~~~~~~~~~~~~~~~~~~~~~~~~~~~
~~~~~~~~~~~~~~~~~~~~~~~~~~~~~~~~~~~~~
~~~~~~~~~~~
3     appendTo="body">
  ~~~~~~~~~~~~~~~~~~~~

  src/app/leads/lead-details/lead-det
ails.component.ts:6:18
    6     templateUrl: 
'./lead-details.component.html',
                       
~~~~~~~~~~~~~~~~~~~~~~~~~~~~~~~
    Error occurs in the template of 
component LeadDetailsComponent.


Error: src/app/leads/lead-details/lea
d-details.component.html:1:11 - 
error NG8002: Can't bind to 
'visible' since it isn't a known 
property of 'p-dialog'.
1. If 'p-dialog' is an Angular 
component and it has 'visible' 
input, then verify that it is part 
of this module.
2. If 'p-dialog' is a Web Component 
then add 'CUSTOM_ELEMENTS_SCHEMA' to 
the '@NgModule.schemas' of this 
component to suppress this message.
3. To allow any property add 
'NO_ERRORS_SCHEMA' to the 
'@NgModule.schemas' of this 
component.

1 <p-dialog [(visible)]="visible" 
[modal]="true" [style]="{width: 
'80vw', 'max-height': '90vh'}"
            ~~~~~~~~~~~~~~~~~~~~~

  src/app/leads/lead-details/lead-det
ails.component.ts:6:18
    6     templateUrl: 
'./lead-details.component.html',
                       
~~~~~~~~~~~~~~~~~~~~~~~~~~~~~~~
    Error occurs in the template of 
component LeadDetailsComponent.


Error: src/app/leads/lead-details/lea
d-details.component.html:1:24 - 
error TS2322: Type 'Event' is not 
assignable to type 'boolean'.

1 <p-dialog [(visible)]="visible" 
[modal]="true" [style]="{width: 
'80vw', 'max-height': '90vh'}"
                         
~~~~~~~~~~~~~~~

  src/app/leads/lead-details/lead-det
ails.component.ts:6:18
    6     templateUrl: 
'./lead-details.component.html',
                       
~~~~~~~~~~~~~~~~~~~~~~~~~~~~~~~
    Error occurs in the template of 
component LeadDetailsComponent.


Error: src/app/leads/lead-details/lea
d-details.component.html:1:33 - 
error NG8002: Can't bind to 'modal' 
since it isn't a known property of 
'p-dialog'.
1. If 'p-dialog' is an Angular 
component and it has 'modal' input, 
then verify that it is part of this 
module.
2. If 'p-dialog' is a Web Component 
then add 'CUSTOM_ELEMENTS_SCHEMA' to 
the '@NgModule.schemas' of this 
component to suppress this message.
3. To allow any property add 
'NO_ERRORS_SCHEMA' to the 
'@NgModule.schemas' of this 
component.

1 <p-dialog [(visible)]="visible" 
[modal]="true" [style]="{width: 
'80vw', 'max-height': '90vh'}"
                                  
~~~~~~~~~~~~~~

  src/app/leads/lead-details/lead-det
ails.component.ts:6:18
    6     templateUrl: 
'./lead-details.component.html',
                       
~~~~~~~~~~~~~~~~~~~~~~~~~~~~~~~
    Error occurs in the template of 
component LeadDetailsComponent.


Error: src/app/leads/lead-details/lea
d-details.component.html:2:5 - error 
NG8002: Can't bind to 'header' since 
it isn't a known property of 
'p-dialog'.
1. If 'p-dialog' is an Angular 
component and it has 'header' input, 
then verify that it is part of this 
module.
2. If 'p-dialog' is a Web Component 
then add 'CUSTOM_ELEMENTS_SCHEMA' to 
the '@NgModule.schemas' of this 
component to suppress this message.
3. To allow any property add 
'NO_ERRORS_SCHEMA' to the 
'@NgModule.schemas' of this 
component.

2     [header]="'Lead Overview'" 
(onHide)="close()" 
[draggable]="true" 
[resizable]="true" 
styleClass="lead-details-dialog"
      ~~~~~~~~~~~~~~~~~~~~~~~~~~

  src/app/leads/lead-details/lead-det
ails.component.ts:6:18
    6     templateUrl: 
'./lead-details.component.html',
                       
~~~~~~~~~~~~~~~~~~~~~~~~~~~~~~~
    Error occurs in the template of 
component LeadDetailsComponent.


Error: src/app/leads/lead-details/lea
d-details.component.html:2:70 - 
error NG8002: Can't bind to 
'resizable' since it isn't a known 
property of 'p-dialog'.
1. If 'p-dialog' is an Angular 
component and it has 'resizable' 
input, then verify that it is part 
of this module.
2. If 'p-dialog' is a Web Component 
then add 'CUSTOM_ELEMENTS_SCHEMA' to 
the '@NgModule.schemas' of this 
component to suppress this message.
3. To allow any property add 
'NO_ERRORS_SCHEMA' to the 
'@NgModule.schemas' of this 
component.

2     [header]="'Lead Overview'" 
(onHide)="close()" 
[draggable]="true" 
[resizable]="true" 
styleClass="lead-details-dialog"
                                     
                                  
~~~~~~~~~~~~~~~~~~

  src/app/leads/lead-details/lead-det
ails.component.ts:6:18
    6     templateUrl: 
'./lead-details.component.html',
                       
~~~~~~~~~~~~~~~~~~~~~~~~~~~~~~~
    Error occurs in the template of 
component LeadDetailsComponent.


Error: src/app/leads/lead-details/lea
d-details.component.html:15:63 - 
error TS2531: Object is possibly 
'null'.

15                         <span 
class="valueHighlight">: 
{{lead.name}}</span>
                                     
                            ~~~~

  src/app/leads/lead-details/lead-det
ails.component.ts:6:18
    6     templateUrl: 
'./lead-details.component.html',
                       
~~~~~~~~~~~~~~~~~~~~~~~~~~~~~~~
    Error occurs in the template of 
component LeadDetailsComponent.


Error: src/app/leads/lead-details/lea
d-details.component.html:19:63 - 
error TS2531: Object is possibly 
'null'.

19                         <span 
class="valueHighlight">: 
{{lead.project || 'N/A'}}</span>
                                     
                            ~~~~~~~

  src/app/leads/lead-details/lead-det
ails.component.ts:6:18
    6     templateUrl: 
'./lead-details.component.html',
                       
~~~~~~~~~~~~~~~~~~~~~~~~~~~~~~~
    Error occurs in the template of 
component LeadDetailsComponent.


Error: src/app/leads/lead-details/lea
d-details.component.html:23:63 - 
error TS2531: Object is possibly 
'null'.

23                         <span 
class="valueHighlight">: 
{{lead.assignedTo || 
'Unassigned'}}</span>
                                     
                            
~~~~~~~~~~

  src/app/leads/lead-details/lead-det
ails.component.ts:6:18
    6     templateUrl: 
'./lead-details.component.html',
                       
~~~~~~~~~~~~~~~~~~~~~~~~~~~~~~~
    Error occurs in the template of 
component LeadDetailsComponent.


Error: src/app/leads/lead-details/lea
d-details.component.html:29:51 - 
error NG8001: 'mat-icon' is not a 
known element:
1. If 'mat-icon' is an Angular 
component, then verify that it is 
part of this module.
2. If 'mat-icon' is a Web Component 
then add 'CUSTOM_ELEMENTS_SCHEMA' to 
the '@NgModule.schemas' of this 
component to suppress this message.

29                         <span clas
s="icon-circle"><mat-icon>call</mat-i
con></span>
                                     
                ~~~~~~~~~~

  src/app/leads/lead-details/lead-det
ails.component.ts:6:18
    6     templateUrl: 
'./lead-details.component.html',
                       
~~~~~~~~~~~~~~~~~~~~~~~~~~~~~~~
    Error occurs in the template of 
component LeadDetailsComponent.


Error: src/app/leads/lead-details/lea
d-details.component.html:31:64 - 
error TS2531: Object is possibly 
'null'.

31                         <span 
class="value ivr-value">: 
{{lead.phone}}</span>
                                     
                             ~~~~~

  src/app/leads/lead-details/lead-det
ails.component.ts:6:18
    6     templateUrl: 
'./lead-details.component.html',
                       
~~~~~~~~~~~~~~~~~~~~~~~~~~~~~~~
    Error occurs in the template of 
component LeadDetailsComponent.


Error: src/app/leads/lead-details/lea
d-details.component.html:35:61 - 
error TS2531: Object is possibly 
'null'.

35                         <span 
class="value-source">: {{lead.source 
|| 'N/A'}}</span>
                                     
                          ~~~~~~

  src/app/leads/lead-details/lead-det
ails.component.ts:6:18
    6     templateUrl: 
'./lead-details.component.html',
                       
~~~~~~~~~~~~~~~~~~~~~~~~~~~~~~~
    Error occurs in the template of 
component LeadDetailsComponent.


Error: src/app/leads/lead-details/lea
d-details.component.html:39:59 - 
error TS2531: Object is possibly 
'null'.

39                         <span 
class="value-date">: 
{{lead.createdAt | date: 
'yyyy-MM-dd'}}</span>
                                     
                        ~~~~~~~~~

  src/app/leads/lead-details/lead-det
ails.component.ts:6:18
    6     templateUrl: 
'./lead-details.component.html',
                       
~~~~~~~~~~~~~~~~~~~~~~~~~~~~~~~
    Error occurs in the template of 
component LeadDetailsComponent.


Error: src/app/leads/lead-details/lea
d-details.component.html:39:71 - 
error NG8004: No pipe found with 
name 'date'.

39                         <span 
class="value-date">: 
{{lead.createdAt | date: 
'yyyy-MM-dd'}}</span>
                                     
                                    
~~~~

  src/app/leads/lead-details/lead-det
ails.component.ts:6:18
    6     templateUrl: 
'./lead-details.component.html',
                       
~~~~~~~~~~~~~~~~~~~~~~~~~~~~~~~
    Error occurs in the template of 
component LeadDetailsComponent.


Error: src/app/leads/lead-details/lea
d-details.component.html:50:52 - 
error TS2531: Object is possibly 
'null'.

50                         <span 
class="value">{{lead.name}}</span>
                                     
                 ~~~~

  src/app/leads/lead-details/lead-det
ails.component.ts:6:18
    6     templateUrl: 
'./lead-details.component.html',
                       
~~~~~~~~~~~~~~~~~~~~~~~~~~~~~~~
    Error occurs in the template of 
component LeadDetailsComponent.


Error: src/app/leads/lead-details/lea
d-details.component.html:54:52 - 
error TS2531: Object is possibly 
'null'.

54                         <span 
class="value">{{lead.phone}}</span>
                                     
                 ~~~~~

  src/app/leads/lead-details/lead-det
ails.component.ts:6:18
    6     templateUrl: 
'./lead-details.component.html',
                       
~~~~~~~~~~~~~~~~~~~~~~~~~~~~~~~
    Error occurs in the template of 
component LeadDetailsComponent.


Error: src/app/leads/lead-details/lea
d-details.component.html:58:52 - 
error TS2531: Object is possibly 
'null'.

58                         <span 
class="value">{{lead.project || 
'N/A'}}</span>
                                     
                 ~~~~~~~

  src/app/leads/lead-details/lead-det
ails.component.ts:6:18
    6     templateUrl: 
'./lead-details.component.html',
                       
~~~~~~~~~~~~~~~~~~~~~~~~~~~~~~~
    Error occurs in the template of 
component LeadDetailsComponent.


Error: src/app/leads/lead-details/lea
d-details.component.html:62:52 - 
error TS2531: Object is possibly 
'null'.

62                         <span 
class="value">{{lead.source || 
'N/A'}}</span>
                                     
                 ~~~~~~

  src/app/leads/lead-details/lead-det
ails.component.ts:6:18
    6     templateUrl: 
'./lead-details.component.html',
                       
~~~~~~~~~~~~~~~~~~~~~~~~~~~~~~~
    Error occurs in the template of 
component LeadDetailsComponent.


Error: src/app/leads/lead-details/lea
d-details.component.html:66:52 - 
error TS2531: Object is possibly 
'null'.

66                         <span 
class="value">{{lead.assignedTo || 
'N/A'}}</span>
                                     
                 ~~~~~~~~~~

  src/app/leads/lead-details/lead-det
ails.component.ts:6:18
    6     templateUrl: 
'./lead-details.component.html',
                       
~~~~~~~~~~~~~~~~~~~~~~~~~~~~~~~
    Error occurs in the template of 
component LeadDetailsComponent.


Error: src/app/leads/lead-details/lea
d-details.component.html:70:52 - 
error TS2531: Object is possibly 
'null'.

70                         <span 
class="value">{{lead.createdAt | 
date: 'yyyy-MM-dd HH:mm:ss'}}</span>
                                     
                 ~~~~~~~~~

  src/app/leads/lead-details/lead-det
ails.component.ts:6:18
    6     templateUrl: 
'./lead-details.component.html',
                       
~~~~~~~~~~~~~~~~~~~~~~~~~~~~~~~
    Error occurs in the template of 
component LeadDetailsComponent.


Error: src/app/leads/lead-details/lea
d-details.component.html:70:64 - 
error NG8004: No pipe found with 
name 'date'.

70                         <span 
class="value">{{lead.createdAt | 
date: 'yyyy-MM-dd HH:mm:ss'}}</span>
                                     
                             ~~~~

  src/app/leads/lead-details/lead-det
ails.component.ts:6:18
    6     templateUrl: 
'./lead-details.component.html',
                       
~~~~~~~~~~~~~~~~~~~~~~~~~~~~~~~
    Error occurs in the template of 
component LeadDetailsComponent.


Error: src/app/leads/lead-details/lea
d-details.component.html:74:52 - 
error TS2531: Object is possibly 
'null'.

74                         <span 
class="value">{{lead.createdBy || 
'Unknown'}}</span>
                                     
                 ~~~~~~~~~

  src/app/leads/lead-details/lead-det
ails.component.ts:6:18
    6     templateUrl: 
'./lead-details.component.html',
                       
~~~~~~~~~~~~~~~~~~~~~~~~~~~~~~~
    Error occurs in the template of 
component LeadDetailsComponent.


Error: src/app/leads/lead-details/lea
d-details.component.html:78:52 - 
error TS2531: Object is possibly 
'null'.

78                         <span 
class="value">{{lead.modifiedAt | 
date: 'yyyy-MM-dd HH:mm:ss'}}</span>
                                     
                 ~~~~~~~~~~

  src/app/leads/lead-details/lead-det
ails.component.ts:6:18
    6     templateUrl: 
'./lead-details.component.html',
                       
~~~~~~~~~~~~~~~~~~~~~~~~~~~~~~~
    Error occurs in the template of 
component LeadDetailsComponent.


Error: src/app/leads/lead-details/lea
d-details.component.html:78:65 - 
error NG8004: No pipe found with 
name 'date'.

78                         <span 
class="value">{{lead.modifiedAt | 
date: 'yyyy-MM-dd HH:mm:ss'}}</span>
                                     
                              ~~~~

  src/app/leads/lead-details/lead-det
ails.component.ts:6:18
    6     templateUrl: 
'./lead-details.component.html',
                       
~~~~~~~~~~~~~~~~~~~~~~~~~~~~~~~
    Error occurs in the template of 
component LeadDetailsComponent.


Error: src/app/leads/lead-details/lea
d-details.component.html:82:52 - 
error TS2531: Object is possibly 
'null'.

82                         <span 
class="value">{{lead.modifiedBy || 
'N/A'}}</span>
                                     
                 ~~~~~~~~~~

  src/app/leads/lead-details/lead-det
ails.component.ts:6:18
    6     templateUrl: 
'./lead-details.component.html',
                       
~~~~~~~~~~~~~~~~~~~~~~~~~~~~~~~
    Error occurs in the template of 
component LeadDetailsComponent.


Error: src/app/leads/lead-details/lea
d-details.component.html:86:71 - 
error TS2531: Object is possibly 
'null'.

86                         <span 
class="value age-tag">{{getLeadAge(le
ad.createdAt)}}</span>
                                     
                                    
~~~~~~~~~

  src/app/leads/lead-details/lead-det
ails.component.ts:6:18
    6     templateUrl: 
'./lead-details.component.html',
                       
~~~~~~~~~~~~~~~~~~~~~~~~~~~~~~~
    Error occurs in the template of 
component LeadDetailsComponent.


Error: src/app/leads/lead-details/lea
d-details.component.html:95:43 - 
error TS2531: Object is possibly 
'null'.

95                 <span 
class="date">{{lead.createdAt | 
date: 'dd-MM-yyyy'}}</span>
                                     
        ~~~~~~~~~

  src/app/leads/lead-details/lead-det
ails.component.ts:6:18
    6     templateUrl: 
'./lead-details.component.html',
                       
~~~~~~~~~~~~~~~~~~~~~~~~~~~~~~~
    Error occurs in the template of 
component LeadDetailsComponent.


Error: src/app/leads/lead-details/lea
d-details.component.html:95:55 - 
error NG8004: No pipe found with 
name 'date'.

95                 <span 
class="date">{{lead.createdAt | 
date: 'dd-MM-yyyy'}}</span>
                                     
                    ~~~~

  src/app/leads/lead-details/lead-det
ails.component.ts:6:18
    6     templateUrl: 
'./lead-details.component.html',
                       
~~~~~~~~~~~~~~~~~~~~~~~~~~~~~~~
    Error occurs in the template of 
component LeadDetailsComponent.


Error: src/app/leads/lead-details/lea
d-details.component.html:96:43 - 
error TS2531: Object is possibly 
'null'.

96                 <span 
class="time">{{lead.createdAt | 
date: 'HH:mm a'}}</span>
                                     
        ~~~~~~~~~

  src/app/leads/lead-details/lead-det
ails.component.ts:6:18
    6     templateUrl: 
'./lead-details.component.html',
                       
~~~~~~~~~~~~~~~~~~~~~~~~~~~~~~~
    Error occurs in the template of 
component LeadDetailsComponent.


Error: src/app/leads/lead-details/lea
d-details.component.html:96:55 - 
error NG8004: No pipe found with 
name 'date'.

96                 <span 
class="time">{{lead.createdAt | 
date: 'HH:mm a'}}</span>
                                     
                    ~~~~

  src/app/leads/lead-details/lead-det
ails.component.ts:6:18
    6     templateUrl: 
'./lead-details.component.html',
                       
~~~~~~~~~~~~~~~~~~~~~~~~~~~~~~~
    Error occurs in the template of 
component LeadDetailsComponent.



